// Jest Snapshot v1, https://goo.gl/fbAQLP

exports[`can use a FS backed system 1`] = `undefined`;
